// Jest Snapshot v1, https://goo.gl/fbAQLP

exports[`mount a component 1`] = `
<main>


  single event


</main>
`;
